=== 02_dump_block_info.ms start ===
importing D:\Utilities\Place_Dummy\LandscapeArea.dwg
import ok=true  objects=9728
distinct plant block types: 23
wrote csv: D:\Utilities\Place_Dummy\_work\block_info.csv
viewport setup warn: -- Unknown property: "SetShowGrids" in #Struct:viewport(
  SetAdaptiveDegNeverRedrawAfterDegrade:<fn>; Public,
  GetAdaptiveDegDisplayModeFastShaded:<fn>; Public,
  SetFOV:<fn>; Public,
  SetRenderLevel:<fn>; Public,
  pickingSelectionRadiusScale:<systemGlobal>; Public,
  ActiveViewportEx:<fn>; Public,
  SetAdaptiveDegDisplayModeHide:<fn>; Public,
  IsWire:<fn>; Public,
  GetBlowupRect:<fn>; Public,
  GetAdaptiveDegCameraDistancePriority:<fn>; Public,
  SetAdaptiveDegDisplayModeFastShaded:<fn>; Public,
  Pan:<fn>; Public,
  GetRenderLevel:<fn>; Public,
  pickingSelectionRadius:<systemGlobal>; Public,
  EnableSolidBackgroundColorMode:<fn>; Public,
  GetAdaptiveDegDrawBackfaces:<fn>; Public,
  GetFPS:<fn>; Public,
  SetGridVisibility:<fn>; Public,
  SetType:<fn>; Public,
  SetAdaptiveDegCameraDistancePriority:<fn>; Public,
  GetAdaptiveDegDisplayModeWire:<fn>; Public,
  Zoom:<fn>; Public,
  SetShowEdgeFaces:<fn>; Public,
  IsSolidBackgroundColorMode:<fn>; Public,
  SetAdaptiveDegDrawBackfaces:<fn>; Public,
  GetClipScale:<fn>; Public,
  GetGridVisibility:<fn>; Public,
  SetTM:<fn>; Public,
  getType:<fn>; Public,
  GetAdaptiveDegScreenSizePriority:<fn>; Public,
  SetAdaptiveDegDisplayModeWire:<fn>; Public,
  ZoomPerspective:<fn>; Public,
  GetShowEdgeFaces:<fn>; Public,
  IsCanvasNavigationMode:<fn>; Public,
  GetAdaptiveDegNeverDegradeSelected:<fn>; Public,
  SetClipScale:<fn>; Public,
  getViewportDib:<fn>; Public,
  GetTM:<fn>; Public,
  SetAdaptiveDegScreenSizePriority:<fn>; Public,
  GetAdaptiveDegDisplayModeBox:<fn>; Public,
  GetFocalDistance:<fn>; Public,
  SetTransparencyLevel:<fn>; Public,
  SetCanvasNavigationMode:<fn>; Public,
  SetAdaptiveDegNeverDegradeSelected:<fn>; Public,
  GetAdaptiveDegGoalFPS:<fn>; Public,
  resetAllViews:<fn>; Public,
  SetCamera:<fn>; Public,
  numViews:<systemGlobal>; Public,
  GetAdaptiveDegMinSize:<fn>; Public,
  SetAdaptiveDegDisplayModeBox:<fn>; Public,
  SetFocalDistance:<fn>; Public,
  isEnabled:<fn>; Public,
  GetTransparencyLevel:<fn>; Public,
  AppendTooltip:<fn>; Public,
  GetAdaptiveDegDegradeLight:<fn>; Public,
  SetAdaptiveDegGoalFPS:<fn>; Public,
  ZoomToBounds:<fn>; Public,
  GetCamera:<fn>; Public,
  activeViewport:<systemGlobal>; Public,
  IsInPresentationMode:<fn>; Public,
  SetAdaptiveDegMinSize:<fn>; Public,
  GetAdaptiveDegDisplayModePoint:<fn>; Public,
  Rotate:<fn>; Public,
  SetRegionRect:<fn>; Public,
  getHWnd:<fn>; Public,
  SetAdaptiveDegDegradeLight:<fn>; Public,
  GetAdaptiveDegDisplayModeCurrent:<fn>; Public,
  CanSetToViewport:<fn>; Public,
  SetLayout:<fn>; Public,
  activeViewportId:<systemGlobal>; Public,
  GetID:<fn>; Public,
  SetAdaptiveDegDisplayModePoint:<fn>; Public,
  GetScreenScaleFactor:<fn>; Public,
  GetRegionRect:<fn>; Public,
  SetInPresentationMode:<fn>; Public,
  GetAdaptiveDegNeverRedrawAfterDegrade:<fn>; Public,
  SetAdaptiveDegDisplayModeCurrent:<fn>; Public,
  GetFOV:<fn>; Public,
  GetLayout:<fn>; Public,
  DispBkgImage:<systemGlobal>; Public,
  NumViewEx:<fn>; Public,
  GetAdaptiveDegDisplayModeHide:<fn>; Public,
  IsPerspView:<fn>; Public,
  SetBlowupRect:<fn>; Public)
rendered thumbnails: 23 of 23
=== done ===
